[    0.000000] Linux version 4.15.0-212-generic (buildd@lcy02-amd64-083) (gcc version 7.5.0 (Ubuntu 7.5.0-3ubuntu1~18.04)) #223-Ubuntu SMP Tue May 23 13:09:22 UTC 2023 (Ubuntu 4.15.0-212.223-generic 4.15.18)
[    0.000000] Command line: BOOT_IMAGE=/boot/vmlinuz-4.15.0-212-generic root=LABEL=cloudimg-rootfs ro console=tty1 console=ttyS0
[    0.000000] KERNEL supported cpus:
[    0.000000]   Intel GenuineIntel
[    0.000000]   AMD AuthenticAMD
[    0.000000]   Centaur CentaurHauls
[    0.000000] x86/fpu: x87 FPU will use FXSAVE
[    0.000000] e820: BIOS-provided physical RAM map:
[    0.000000] BIOS-e820: [mem 0x0000000000000000-0x000000000009fbff] usable
[    0.000000] BIOS-e820: [mem 0x000000000009fc00-0x000000000009ffff] reserved
[    0.000000] BIOS-e820: [mem 0x00000000000f0000-0x00000000000fffff] reserved
[    0.000000] BIOS-e820: [mem 0x0000000000100000-0x000000001ffeffff] usable
[    0.000000] BIOS-e820: [mem 0x000000001fff0000-0x000000001fffffff] ACPI data
[    0.000000] BIOS-e820: [mem 0x00000000fec00000-0x00000000fec00fff] reserved
[    0.000000] BIOS-e820: [mem 0x00000000fee00000-0x00000000fee00fff] reserved
[    0.000000] BIOS-e820: [mem 0x00000000fffc0000-0x00000000ffffffff] reserved
[    0.000000] NX (Execute Disable) protection: active
[    0.000000] SMBIOS 2.5 present.
[    0.000000] DMI: innotek GmbH VirtualBox/VirtualBox, BIOS VirtualBox 12/01/2006
[    0.000000] Hypervisor detected: KVM
[    0.000000] e820: last_pfn = 0x1fff0 max_arch_pfn = 0x400000000
[    0.000000] x86/PAT: Configuration [0-7]: WB  WC  UC- UC  WB  WP  UC- WT  
[    0.000000] CPU MTRRs all blank - virtualized system.
[    0.000000] found SMP MP-table at [mem 0x0009fbf0-0x0009fbff]
[    0.000000] Scanning 1 areas for low memory corruption
[    0.000000] RAMDISK: [mem 0x1db01000-0x1ee12fff]
[    0.000000] ACPI: Early table checksum verification disabled
[    0.000000] ACPI: RSDP 0x00000000000E0000 000024 (v02 VBOX  )
[    0.000000] ACPI: XSDT 0x000000001FFF0030 00003C (v01 VBOX   VBOXXSDT 00000001 ASL  00000061)
[    0.000000] ACPI: FACP 0x000000001FFF00F0 0000F4 (v04 VBOX   VBOXFACP 00000001 ASL  00000061)
[    0.000000] ACPI: DSDT 0x000000001FFF0610 002353 (v02 VBOX   VBOXBIOS 00000002 INTL 20100528)
[    0.000000] ACPI: FACS 0x000000001FFF0200 000040
[    0.000000] ACPI: FACS 0x000000001FFF0200 000040
[    0.000000] ACPI: APIC 0x000000001FFF0240 000054 (v02 VBOX   VBOXAPIC 00000001 ASL  00000061)
[    0.000000] ACPI: SSDT 0x000000001FFF02A0 00036C (v01 VBOX   VBOXCPUT 00000002 INTL 20100528)
[    0.000000] ACPI: Reserving FACP table memory at [mem 0x1fff00f0-0x1fff01e3]
[    0.000000] ACPI: Reserving DSDT table memory at [mem 0x1fff0610-0x1fff2962]
[    0.000000] ACPI: Reserving FACS table memory at [mem 0x1fff0200-0x1fff023f]
[    0.000000] ACPI: Reserving FACS table memory at [mem 0x1fff0200-0x1fff023f]
[    0.000000] ACPI: Reserving APIC table memory at [mem 0x1fff0240-0x1fff0293]
[    0.000000] ACPI: Reserving SSDT table memory at [mem 0x1fff02a0-0x1fff060b]
[    0.000000] No NUMA configuration found
[    0.000000] Faking a node at [mem 0x0000000000000000-0x000000001ffeffff]
[    0.000000] NODE_DATA(0) allocated [mem 0x1ffc5000-0x1ffeffff]
[    0.000000] kvm-clock: cpu 0, msr 0:1ff44001, primary cpu clock
[    0.000000] kvm-clock: Using msrs 4b564d01 and 4b564d00
[    0.000000] kvm-clock: using sched offset of 3769933042 cycles
[    0.000000] clocksource: kvm-clock: mask: 0xffffffffffffffff max_cycles: 0x1cd42e4dffb, max_idle_ns: 881590591483 ns
[    0.000000] Zone ranges:
[    0.000000]   DMA      [mem 0x0000000000001000-0x0000000000ffffff]
[    0.000000]   DMA32    [mem 0x0000000001000000-0x000000001ffeffff]
[    0.000000]   Normal   empty
[    0.000000]   Device   empty
[    0.000000] Movable zone start for each node
[    0.000000] Early memory node ranges
[    0.000000]   node   0: [mem 0x0000000000001000-0x000000000009efff]
[    0.000000]   node   0: [mem 0x0000000000100000-0x000000001ffeffff]
[    0.000000] Reserved but unavailable: 104 pages
[    0.000000] Initmem setup node 0 [mem 0x0000000000001000-0x000000001ffeffff]
[    0.000000] ACPI: PM-Timer IO Port: 0x4008
[    0.000000] IOAPIC[0]: apic_id 1, version 32, address 0xfec00000, GSI 0-23
[    0.000000] ACPI: INT_SRC_OVR (bus 0 bus_irq 0 global_irq 2 dfl dfl)
[    0.000000] ACPI: INT_SRC_OVR (bus 0 bus_irq 9 global_irq 9 low level)
[    0.000000] Using ACPI (MADT) for SMP configuration information
[    0.000000] smpboot: Allowing 1 CPUs, 0 hotplug CPUs
[    0.000000] PM: Registered nosave memory: [mem 0x00000000-0x00000fff]
[    0.000000] PM: Registered nosave memory: [mem 0x0009f000-0x0009ffff]
[    0.000000] PM: Registered nosave memory: [mem 0x000a0000-0x000effff]
[    0.000000] PM: Registered nosave memory: [mem 0x000f0000-0x000fffff]
[    0.000000] e820: [mem 0x20000000-0xfebfffff] available for PCI devices
[    0.000000] Booting paravirtualized kernel on KVM
[    0.000000] clocksource: refined-jiffies: mask: 0xffffffff max_cycles: 0xffffffff, max_idle_ns: 7645519600211568 ns
[    0.000000] setup_percpu: NR_CPUS:8192 nr_cpumask_bits:1 nr_cpu_ids:1 nr_node_ids:1
[    0.000000] percpu: Embedded 50 pages/cpu s167936 r8192 d28672 u2097152
[    0.000000] PV qspinlock hash table entries: 256 (order: 0, 4096 bytes)
[    0.000000] Built 1 zonelists, mobility grouping on.  Total pages: 128889
[    0.000000] Policy zone: DMA32
[    0.000000] Kernel command line: BOOT_IMAGE=/boot/vmlinuz-4.15.0-212-generic root=LABEL=cloudimg-rootfs ro console=tty1 console=ttyS0
[    0.000000] Memory: 466748K/523832K available (12300K kernel code, 2477K rwdata, 4324K rodata, 2480K init, 2720K bss, 57084K reserved, 0K cma-reserved)
[    0.000000] SLUB: HWalign=64, Order=0-3, MinObjects=0, CPUs=1, Nodes=1
[    0.000000] ftrace: allocating 39508 entries in 155 pages
[    0.004000] Hierarchical RCU implementation.
[    0.004000] 	RCU restricting CPUs from NR_CPUS=8192 to nr_cpu_ids=1.
[    0.004000] 	Tasks RCU enabled.
[    0.004000] RCU: Adjusting geometry for rcu_fanout_leaf=16, nr_cpu_ids=1
[    0.004000] NR_IRQS: 524544, nr_irqs: 256, preallocated irqs: 16
[    0.004000] random: crng init done
[    0.004000] Console: colour VGA+ 80x25
[    0.004000] console [tty1] enabled
[    0.004000] console [ttyS0] enabled
[    0.004000] ACPI: Core revision 20170831
[    0.004000] ACPI: 2 ACPI AML tables successfully acquired and loaded
[    0.004000] APIC: Switch to symmetric I/O mode setup
[    0.008000] ..TIMER: vector=0x30 apic1=0 pin1=2 apic2=-1 pin2=-1
[    0.008010] tsc: Detected 2112.000 MHz processor
[    0.012016] Calibrating delay loop (skipped) preset value.. 4224.00 BogoMIPS (lpj=8448000)
[    0.016005] pid_max: default: 32768 minimum: 301
[    0.020031] Security Framework initialized
[    0.024009] Yama: becoming mindful.
[    0.028034] AppArmor: AppArmor initialized
[    0.032118] Dentry cache hash table entries: 65536 (order: 7, 524288 bytes)
[    0.036169] Inode-cache hash table entries: 32768 (order: 6, 262144 bytes)
[    0.040026] Mount-cache hash table entries: 1024 (order: 1, 8192 bytes)
[    0.044005] Mountpoint-cache hash table entries: 1024 (order: 1, 8192 bytes)
[    0.050468] Last level iTLB entries: 4KB 0, 2MB 0, 4MB 0
[    0.052002] Last level dTLB entries: 4KB 0, 2MB 0, 4MB 0, 1GB 0
[    0.056004] Spectre V1 : Mitigation: usercopy/swapgs barriers and __user pointer sanitization
[    0.060003] Spectre V2 : Mitigation: Enhanced IBRS
[    0.064002] Spectre V2 : Spectre v2 / SpectreRSB mitigation: Filling RSB on context switch
[    0.068010] Spectre V2 : Spectre v2 / PBRSB-eIBRS: Retire a single CALL on VMEXIT
[    0.072007] RETBleed: Mitigation: Enhanced IBRS
[    0.076002] Speculative Store Bypass: Vulnerable
[    0.088000] Freeing SMP alternatives memory: 36K
[    0.200708] smpboot: CPU0: 13th Gen Intel(R) Core(TM) i7-13700 (family: 0x6, model: 0xb7, stepping: 0x1)
[    0.204089] Performance Events: unsupported p6 CPU model 183 no PMU driver, software events only.
[    0.208039] Hierarchical SRCU implementation.
[    0.212379] NMI watchdog: Perf event create on CPU 0 failed with -2
[    0.216002] NMI watchdog: Perf NMI watchdog permanently disabled
[    0.220064] smp: Bringing up secondary CPUs ...
[    0.224003] smp: Brought up 1 node, 1 CPU
[    0.232090] smpboot: Max logical packages: 1
[    0.236009] smpboot: Total of 1 processors activated (4224.00 BogoMIPS)
[    0.240171] devtmpfs: initialized
[    0.244060] x86/mm: Memory block size: 128MB
[    0.248114] evm: security.selinux
[    0.252004] evm: security.SMACK64
[    0.256002] evm: security.SMACK64EXEC
[    0.260002] evm: security.SMACK64TRANSMUTE
[    0.264007] evm: security.SMACK64MMAP
[    0.268002] evm: security.apparmor
[    0.272006] evm: security.ima
[    0.273106] evm: security.capability
[    0.274586] clocksource: jiffies: mask: 0xffffffff max_cycles: 0xffffffff, max_idle_ns: 7645041785100000 ns
[    0.276006] futex hash table entries: 256 (order: 2, 16384 bytes)
[    0.280040] pinctrl core: initialized pinctrl subsystem
[    0.281984] RTC time: 12:11:31, date: 02/19/25
[    0.284080] NET: Registered protocol family 16
[    0.286112] audit: initializing netlink subsys (disabled)
[    0.288076] cpuidle: using governor ladder
[    0.289893] cpuidle: using governor menu
[    0.292005] audit: type=2000 audit(1739967096.398:1): state=initialized audit_enabled=0 res=1
[    0.296026] ACPI: bus type PCI registered
[    0.297780] acpiphp: ACPI Hot Plug PCI Controller Driver version: 0.5
[    0.300182] PCI: Using configuration type 1 for base access
[    0.304596] HugeTLB registered 2.00 MiB page size, pre-allocated 0 pages
[    0.308304] ACPI: Added _OSI(Module Device)
[    0.312013] ACPI: Added _OSI(Processor Device)
[    0.316003] ACPI: Added _OSI(3.0 _SCP Extensions)
[    0.320006] ACPI: Added _OSI(Processor Aggregator Device)
[    0.324029] ACPI: Added _OSI(Linux-Dell-Video)
[    0.328030] ACPI: Added _OSI(Linux-Lenovo-NV-HDMI-Audio)
[    0.332009] ACPI: Added _OSI(Linux-HPI-Hybrid-Graphics)
[    0.340123] ACPI: Executed 1 blocks of module-level executable AML code
[    0.349677] ACPI: Interpreter enabled
[    0.352011] ACPI: (supports S0 S5)
[    0.356003] ACPI: Using IOAPIC for interrupt routing
[    0.360471] PCI: Using host bridge windows from ACPI; if necessary, use "pci=nocrs" and report a bug
[    0.364295] ACPI: Enabled 2 GPEs in block 00 to 07
[    0.383140] ACPI: PCI Root Bridge [PCI0] (domain 0000 [bus 00-ff])
[    0.384014] acpi PNP0A03:00: _OSC: OS supports [ASPM ClockPM Segments MSI]
[    0.392818] acpi PNP0A03:00: _OSC: not requesting OS control; OS requires [ExtendedConfig ASPM ClockPM MSI]
[    0.396015] acpi PNP0A03:00: fail to add MMCONFIG information, can't access extended PCI configuration space under this bridge.
[    0.400361] PCI host bridge to bus 0000:00
[    0.404003] pci_bus 0000:00: root bus resource [io  0x0000-0x0cf7 window]
[    0.406298] pci_bus 0000:00: root bus resource [io  0x0d00-0xffff window]
[    0.408004] pci_bus 0000:00: root bus resource [mem 0x000a0000-0x000bffff window]
[    0.412007] pci_bus 0000:00: root bus resource [mem 0x20000000-0xfdffffff window]
[    0.416008] pci_bus 0000:00: root bus resource [bus 00-ff]
[    0.421460] pci 0000:00:01.1: legacy IDE quirk: reg 0x10: [io  0x01f0-0x01f7]
[    0.424005] pci 0000:00:01.1: legacy IDE quirk: reg 0x14: [io  0x03f6]
[    0.426364] pci 0000:00:01.1: legacy IDE quirk: reg 0x18: [io  0x0170-0x0177]
[    0.428002] pci 0000:00:01.1: legacy IDE quirk: reg 0x1c: [io  0x0376]
[    0.472009] pci 0000:00:07.0: quirk: [io  0x4000-0x403f] claimed by PIIX4 ACPI
[    0.476054] pci 0000:00:07.0: quirk: [io  0x4100-0x410f] claimed by PIIX4 SMB
[    0.496364] ACPI: PCI Interrupt Link [LNKA] (IRQs 5 9 10 *11)
[    0.504371] ACPI: PCI Interrupt Link [LNKB] (IRQs 5 9 *10 11)
[    0.506809] ACPI: PCI Interrupt Link [LNKC] (IRQs 5 *9 10 11)
[    0.508119] ACPI: PCI Interrupt Link [LNKD] (IRQs 5 9 10 *11)
[    0.510903] SCSI subsystem initialized
[    0.512077] pci 0000:00:02.0: vgaarb: setting as boot VGA device
[    0.514965] pci 0000:00:02.0: vgaarb: VGA device added: decodes=io+mem,owns=io+mem,locks=none
[    0.516006] pci 0000:00:02.0: vgaarb: bridge control possible
[    0.520008] vgaarb: loaded
[    0.521393] ACPI: bus type USB registered
[    0.524022] usbcore: registered new interface driver usbfs
[    0.526459] usbcore: registered new interface driver hub
[    0.528012] usbcore: registered new device driver usb
[    0.532161] EDAC MC: Ver: 3.0.0
[    0.540576] PCI: Using ACPI for IRQ routing
[    0.544911] NetLabel: Initializing
[    0.548009] NetLabel:  domain hash size = 128
[    0.552009] NetLabel:  protocols = UNLABELED CIPSOv4 CALIPSO
[    0.556036] NetLabel:  unlabeled traffic allowed by default
[    0.560164] clocksource: Switched to clocksource kvm-clock
[    0.583528] VFS: Disk quotas dquot_6.6.0
[    0.587077] VFS: Dquot-cache hash table entries: 512 (order 0, 4096 bytes)
[    0.604560] AppArmor: AppArmor Filesystem Enabled
[    0.612380] pnp: PnP ACPI init
[    0.618326] pnp: PnP ACPI: found 3 devices
[    0.634013] clocksource: acpi_pm: mask: 0xffffff max_cycles: 0xffffff, max_idle_ns: 2085701024 ns
[    0.644373] NET: Registered protocol family 2
[    0.649503] IP idents hash table entries: 8192 (order: 4, 65536 bytes)
[    0.657083] TCP established hash table entries: 4096 (order: 3, 32768 bytes)
[    0.664430] TCP bind hash table entries: 4096 (order: 4, 65536 bytes)
[    0.671946] TCP: Hash tables configured (established 4096 bind 4096)
[    0.679271] UDP hash table entries: 256 (order: 1, 8192 bytes)
[    0.685676] UDP-Lite hash table entries: 256 (order: 1, 8192 bytes)
[    0.693677] NET: Registered protocol family 1
[    0.698471] pci 0000:00:00.0: Limiting direct PCI/PCI transfers
[    0.705136] pci 0000:00:01.0: Activating ISA DMA hang workarounds
[    0.711707] pci 0000:00:02.0: Video device with shadowed ROM at [mem 0x000c0000-0x000dffff]
[    0.721268] Unpacking initramfs...
[    1.368124] Freeing initrd memory: 19528K
[    1.373774] clocksource: tsc: mask: 0xffffffffffffffff max_cycles: 0x1e71785e5dd, max_idle_ns: 440795244814 ns
[    1.382284] platform rtc_cmos: registered platform RTC device (no PNP device found)
[    1.391185] Scanning for low memory corruption every 60 seconds
[    1.399072] Initialise system trusted keyrings
[    1.406806] Key type blacklist registered
[    1.411452] workingset: timestamp_bits=36 max_order=17 bucket_order=0
[    1.421474] zbud: loaded
[    1.426209] squashfs: version 4.0 (2009/01/31) Phillip Lougher
[    1.432688] fuse init (API version 7.26)
[    1.439674] Key type asymmetric registered
[    1.444338] Asymmetric key parser 'x509' registered
[    1.451684] Block layer SCSI generic (bsg) driver version 0.4 loaded (major 246)
[    1.459961] io scheduler noop registered
[    1.464626] io scheduler deadline registered
[    1.469804] io scheduler cfq registered (default)
[    1.475591] ACPI: AC Adapter [AC] (on-line)
[    1.480639] input: Power Button as /devices/LNXSYSTM:00/LNXPWRBN:00/input/input0
[    1.489263] ACPI: Power Button [PWRF]
[    1.493662] input: Sleep Button as /devices/LNXSYSTM:00/LNXSLPBN:00/input/input1
[    1.502446] ACPI: Sleep Button [SLPF]
[    1.508086] Serial: 8250/16550 driver, 32 ports, IRQ sharing enabled
[    1.549145] 00:02: ttyS0 at I/O 0x3f8 (irq = 4, base_baud = 115200) is a 16550A
[    1.564152] Linux agpgart interface v0.103
[    1.572494] loop: module loaded
[    1.574734] scsi host0: ata_piix
[    1.576049] scsi host1: ata_piix
[    1.577438] ata1: PATA max UDMA/33 cmd 0x1f0 ctl 0x3f6 bmdma 0xd000 irq 14
[    1.580001] ata2: PATA max UDMA/33 cmd 0x170 ctl 0x376 bmdma 0xd008 irq 15
[    1.583190] tun: Universal TUN/TAP device driver, 1.6
[    1.585052] PPP generic driver version 2.4.2
[    1.586555] ehci_hcd: USB 2.0 'Enhanced' Host Controller (EHCI) Driver
[    1.588935] ehci-pci: EHCI PCI platform driver
[    1.590522] ehci-platform: EHCI generic platform driver
[    1.592840] ohci_hcd: USB 1.1 'Open' Host Controller (OHCI) Driver
[    1.595128] ohci-pci: OHCI PCI platform driver
[    1.596778] ohci-platform: OHCI generic platform driver
[    1.598806] uhci_hcd: USB Universal Host Controller Interface driver
[    1.601749] i8042: PNP: PS/2 Controller [PNP0303:PS2K,PNP0f03:PS2M] at 0x60,0x64 irq 1,12
[    1.607082] serio: i8042 KBD port at 0x60,0x64 irq 1
[    1.610643] serio: i8042 AUX port at 0x60,0x64 irq 12
[    1.613548] mousedev: PS/2 mouse device common for all mice
[    1.616727] input: AT Translated Set 2 keyboard as /devices/platform/i8042/serio0/input/input2
[    1.620950] rtc_cmos rtc_cmos: rtc core: registered rtc_cmos as rtc0
[    1.623346] rtc_cmos rtc_cmos: alarms up to one day, 114 bytes nvram
[    1.626160] i2c /dev entries driver
[    1.627430] device-mapper: uevent: version 1.0.3
[    1.629146] device-mapper: ioctl: 4.37.0-ioctl (2017-09-20) initialised: dm-devel@redhat.com
[    1.641426] ledtrig-cpu: registered to indicate activity on CPUs
[    1.654815] NET: Registered protocol family 10
[    1.667562] Segment Routing with IPv6
[    1.672556] NET: Registered protocol family 17
[    1.679804] Key type dns_resolver registered
[    1.684423] mce: Using 0 MCE banks
[    1.688110] RAS: Correctable Errors collector initialized.
[    1.695745] sched_clock: Marking stable (1695559411, 0)->(2593698576, -898139165)
[    1.704112] registered taskstats version 1
[    1.709395] Loading compiled-in X.509 certificates
[    1.717415] Loaded X.509 cert 'Build time autogenerated kernel key: b5b26778eaa3ab3a4a6cee031137706e947d12ad'
[    1.728002] Loaded X.509 cert 'Canonical Ltd. Live Patch Signing: 14df34d1a87cf37625abec039ef2bf521249b969'
[    1.738440] Loaded X.509 cert 'Canonical Ltd. Kernel Module Signing: 88f752e560a1e0737e31163a466ad7b70a850c19'
[    1.744899] blacklist: Loading compiled-in revocation X.509 certificates
[    1.803914] Loaded X.509 cert 'Canonical Ltd. Secure Boot Signing: 61482aa2830d0ab2ad5af10b7250da9033ddcef0'
[    1.814013] Loaded X.509 cert 'Canonical Ltd. Secure Boot Signing (2017): 242ade75ac4a15e50d50c84b0d45ff3eae707a03'
[    1.826190] Loaded X.509 cert 'Canonical Ltd. Secure Boot Signing (ESM 2018): 365188c1d374d6b07c3c8f240f8ef722433d6a8b'
[    1.845868] Loaded X.509 cert 'Canonical Ltd. Secure Boot Signing (2019): c0746fd6c5da3ae827864651ad66ae47fe24b3e8'
[    1.858504] Loaded X.509 cert 'Canonical Ltd. Secure Boot Signing (2021 v1): a8d54bbb3825cfb94fa13c9f8a594a195c107b8d'
[    1.869848] Loaded X.509 cert 'Canonical Ltd. Secure Boot Signing (2021 v2): 4cf046892d6fd3c9a5b03f98d845f90851dc6a8c'
[    1.889830] Loaded X.509 cert 'Canonical Ltd. Secure Boot Signing (2021 v3): 100437bb6de6e469b581e61cd66bce3ef4ed53af'
[    1.902136] Loaded X.509 cert 'Canonical Ltd. Secure Boot Signing (Ubuntu Core 2019): c1d57b8f6b743f23ee41f4f7ee292f06eecadfb9'
[    1.913966] zswap: loaded using pool lzo/zbud
[    1.923309] Key type big_key registered
[    1.927634] Key type trusted registered
[    1.934237] Key type encrypted registered
[    1.938767] AppArmor: AppArmor sha1 policy hashing enabled
[    1.945185] ima: No TPM chip found, activating TPM-bypass! (rc=-19)
[    1.952237] ima: Allocated hash algorithm: sha1
[    1.957148] evm: HMAC attrs: 0x1
[    1.963058]   Magic number: 13:291:178
[    1.967550]  platform: hash matches
[    1.973686] rtc_cmos rtc_cmos: setting system clock to 2025-02-19 12:11:33 UTC (1739967093)
[    1.983307] BIOS EDD facility v0.16 2004-Jun-25, 0 devices found
[    1.990011] EDD information not available.
[    1.993330] Freeing unused kernel image memory: 2480K
[    2.004917] Write protecting the kernel read-only data: 20480k
[    2.007205] Freeing unused kernel image memory: 2008K
[    2.009640] Freeing unused kernel image memory: 1820K
[    2.020808] x86/mm: Checked W+X mappings: passed, no W+X pages found.
Loading, please wait...
starting version 237
[    2.142980] e1000: Intel(R) PRO/1000 Network Driver - version 7.3.21-k8-NAPI
[    2.152242] e1000: Copyright (c) 1999-2006 Intel Corporation.
[    2.160867] Fusion MPT base driver 3.04.20
[    2.165501] Copyright (c) 1999-2008 LSI Corporation
[    2.208751] SSE version of gcm_enc/dec engaged.
[    2.242270] Fusion MPT SPI Host driver 3.04.20
[    2.248166] mptbase: ioc0: Initiating bringup
[    2.356861] ioc0: LSI53C1030 A0: Capabilities={Initiator}
[    2.419904] input: ImExPS/2 Generic Explorer Mouse as /devices/platform/i8042/serio1/input/input4
[    2.611297] scsi host2: ioc0: LSI53C1030 A0, FwRev=00000000h, Ports=1, MaxQ=256, IRQ=20
[    2.781143] scsi 2:0:0:0: Direct-Access     VBOX     HARDDISK         1.0  PQ: 0 ANSI: 5
[    2.785352] scsi target2:0:0: Beginning Domain Validation
[    2.790189] scsi target2:0:0: Domain Validation skipping write tests
[    2.792431] scsi target2:0:0: Ending Domain Validation
[    2.794369] scsi target2:0:0: asynchronous
[    2.797173] scsi 2:0:1:0: Direct-Access     VBOX     HARDDISK         1.0  PQ: 0 ANSI: 5
[    2.801759] scsi target2:0:1: Beginning Domain Validation
[    2.807208] scsi target2:0:1: Domain Validation skipping write tests
[    2.809825] scsi target2:0:1: Ending Domain Validation
[    2.813430] scsi target2:0:1: asynchronous
[    2.853328] sd 2:0:0:0: [sda] 83886080 512-byte logical blocks: (42.9 GB/40.0 GiB)
[    2.861518] sd 2:0:0:0: Attached scsi generic sg0 type 0
[    2.868267] sd 2:0:1:0: [sdb] 20480 512-byte logical blocks: (10.5 MB/10.0 MiB)
[    2.871400] sd 2:0:1:0: Attached scsi generic sg1 type 0
[    2.873503] sd 2:0:1:0: [sdb] Write Protect is off
[    2.875531] sd 2:0:0:0: [sda] Write Protect is off
[    2.877637] sd 2:0:0:0: [sda] Incomplete mode parameter data
[    2.879556] sd 2:0:0:0: [sda] Assuming drive cache: write through
[    2.883665] sd 2:0:1:0: [sdb] Incomplete mode parameter data
[    2.886132] sd 2:0:1:0: [sdb] Assuming drive cache: write through
[    2.913765]  sda: sda1
[    2.925939] sd 2:0:1:0: [sdb] Attached SCSI disk
[    2.930699] sd 2:0:0:0: [sda] Attached SCSI disk
[    3.695128] e1000 0000:00:03.0 eth0: (PCI:33MHz:32-bit) 02:3b:7b:b7:3b:2d
[    3.704300] e1000 0000:00:03.0 eth0: Intel(R) PRO/1000 Network Connection
[    4.494012] e1000 0000:00:08.0 eth1: (PCI:33MHz:32-bit) 08:00:27:3d:a3:13
[    4.505699] e1000 0000:00:08.0 eth1: Intel(R) PRO/1000 Network Connection
[    4.523722] e1000 0000:00:08.0 enp0s8: renamed from eth1
[    4.552063] e1000 0000:00:03.0 enp0s3: renamed from eth0
Begin: Loading essential drivers ... [    6.404259] raid6: sse2x1   gen()  9744 MB/s
[    6.456159] raid6: sse2x1   xor()  6356 MB/s
[    6.508238] raid6: sse2x2   gen() 12136 MB/s
[    6.560163] raid6: sse2x2   xor()  6146 MB/s
[    6.632358] raid6: sse2x4   gen() 17120 MB/s
[    6.684082] raid6: sse2x4   xor()  8440 MB/s
[    6.689677] raid6: using algorithm sse2x4 gen() 17120 MB/s
[    6.696041] raid6: .... xor() 8440 MB/s, rmw enabled
[    6.703253] raid6: using ssse3x2 recovery algorithm
[    6.710827] xor: measuring software checksum speed
[    6.818672]    prefetch64-sse: 50893.000 MB/sec
[    6.932148]    generic_sse: 43689.000 MB/sec
[    6.936812] xor: using function: prefetch64-sse (50893.000 MB/sec)
[    6.945562] async_tx: api initialized (async)
done.
Begin: Running /scripts/init-premount ... done.
Begin: Mounting root file system ... Begin: Running /scripts/local-top ... done.
Begin: Running /scripts/local-premount ... [    6.987287] Btrfs loaded, crc32c=crc32c-intel
Scanning for Btrfs filesystems
done.
Warning: fsck not present, so skipping root file system
[    7.050894] EXT4-fs (sda1): mounted filesystem with ordered data mode. Opts: (null)
done.
Begin: Running /scripts/local-bottom ... done.
Begin: Running /scripts/init-bottom ... done.
[    7.222314] ip_tables: (C) 2000-2006 Netfilter Core Team
[    7.232214] systemd[1]: systemd 237 running in system mode. (+PAM +AUDIT +SELINUX +IMA +APPARMOR +SMACK +SYSVINIT +UTMP +LIBCRYPTSETUP +GCRYPT +GNUTLS +ACL +XZ +LZ4 +SECCOMP +BLKID +ELFUTILS +KMOD -IDN2 +IDN -PCRE2 default-hierarchy=hybrid)
[    7.240293] systemd[1]: Detected virtualization oracle.
[    7.242367] systemd[1]: Detected architecture x86-64.

Welcome to [1mUbuntu 18.04.6 LTS[0m!

[    7.246904] systemd[1]: Set hostname to <ubuntu>.
[    7.252191] systemd[1]: Initializing machine ID from random generator.
[    7.254447] systemd[1]: Installed transient /etc/machine-id file.
[    7.562803] systemd[1]: Reached target Swap.
[[0;32m  OK  [0m] Reached target Swap.
[    7.572456] systemd[1]: Created slice User and Session Slice.
[[0;32m  OK  [0m] Created slice User and Session Slice.
[    7.583496] systemd[1]: Created slice System Slice.
[[0;32m  OK  [0m] Created slice System Slice.
[    7.593225] systemd[1]: Listening on Journal Socket.
[[0;32m  OK  [0m] Listening on Journal Socket.
[[0;32m  OK  [0m] Listening on /dev/initctl Compatibility Named Pipe.
[[0;32m  OK  [0m] Listening on fsck to fsckd communication Socket.
         Mounting Huge Pages File System...
         Starting Set the console keyboard layout...
[[0;32m  OK  [0m] Listening on udev Control Socket.
[[0;32m  OK  [0m] Created slice system-serial\x2dgetty.slice.
         Starting Create list of required stâ€¦ce nodes for the current kernel...
[[0;32m  OK  [0m] Listening on Device-mapper event daemon FIFOs.
[[0;32m  OK  [0m] Listening on udev Kernel Socket.
         Starting udev Coldplug all Devices...
         Starting Uncomplicated firewall...
[[0;32m  OK  [0m] Listening on Journal Audit Socket.
[[0;32m  OK  [0m] Listening on LVM2 poll daemon socket.
[[0;32m  OK  [0m] Listening on Network Service Netlink Socket.
[[0;32m  OK  [0m] Reached target Slices.
         Mounting Kernel Debug File System...
         Starting File System Check on Root Device...
[[0;32m  OK  [0m] Started Forward Password Requests to Wall Directory Watch.
         Mounting POSIX Message Queue File System...
[[0;32m  OK  [0m] Reached target User and Group Name Lookups.
[[0;32m  OK  [0m] Listening on Syslog Socket.
         Starting Load Kernel Modules...
[[0;32m  OK  [0m] Set up automount Arbitrary Executabâ€¦rmats File System Automount Point.
[[0;32m  OK  [0m] Reached target System Time Synchronized.
[[0;32m  OK  [0m] Listening on LVM2 metadata daemon socket.
[    7.801473] Loading iSCSI transport class v2.0-870.
         Starting Monitoring of LVM2 mirrorsâ€¦ng dmeventd or progress polling...
[[0;32m  OK  [0m] Listening on Journal Socket (/dev/log).
         Starting Journal Service...
[[0;32m  OK  [0m] Reached target Mounting snaps.
[[0;32m  OK  [0m] Reached target Mounted snaps.
[[0;32m  OK  [0m] Mounted Huge Pages File System.
[[0;32m  OK  [0m] Started Create list of required staâ€¦vice nodes for the current kernel.
[[0;32m  OK  [0m] Started Uncomplicated firewall.
[[0;32m  OK  [0m] Mounted Kernel Debug File System.
[[0;32m  OK  [0m] Started File System Check on Root Device.
[[0;32m  OK  [0m] Mounted POSIX Message Queue File System.
[    7.912127] iscsi: registered transport (tcp)
[[0;32m  OK  [0m] Started LVM2 metadata daemon.
[[0;32m  OK  [0m] Started File System Check Daemon to report status.
         Starting Remount Root and Kernel File Systems...
         Starting Create Static Device Nodes in /dev...
[[0;32m  OK  [0m] Started Journal Service.
[[0;32m  OK  [0m] Started Create Static Device Nodes in /dev.
[    7.999471] EXT4-fs (sda1): re-mounted. Opts: (null)
[[0;32m  OK  [0m] Started Monitoring of LVM2 mirrors,â€¦sing dmeventd or progress polling.
[[0;32m  OK  [0m] Started Remount Root and Kernel File Systems.
         Starting Flush Journal to Persistent Storage...
         Starting Load/Save Random Seed...
         Starting udev Kernel Device Manager...
[[0;32m  OK  [0m] Started udev Coldplug all Devices.
[[0;32m  OK  [0m] Started Load/Save Random Seed.
[    8.082454] systemd-journald[423]: Received request to flush runtime journal from PID 1
[[0;32m  OK  [0m] Started udev Kernel Device Manager.
[    8.249700] iscsi: registered transport (iser)
[[0;32m  OK  [0m] Started Load Kernel Modules.
         Starting Apply Kernel Variables...
         Mounting FUSE Control File System...
         Mounting Kernel Configuration File System...
[[0;32m  OK  [0m] Started Flush Journal to Persistent Storage.
[[0;32m  OK  [0m] Mounted Kernel Configuration File System.
[[0;32m  OK  [0m] Mounted FUSE Control File System.
[[0;32m  OK  [0m] Started Apply Kernel Variables.
[[0;32m  OK  [0m] Found device /dev/ttyS0.
[[0;32m  OK  [0m] Listening on Load/Save RF Kill Switch Status /dev/rfkill Watch.
[[0;32m  OK  [0m] Started Set the console keyboard layout.
[[0;32m  OK  [0m] Reached target Local File Systems (Pre).
[[0;32m  OK  [0m] Reached target Local File Systems.
         Starting Commit a transient machine-id on disk...
         Starting Set console font and keymap...
         Starting ebtables ruleset management...
         Starting Create Volatile Files and Directories...
         Starting AppArmor initialization...
         Starting Tell Plymouth To Write Out Runtime Data...
[[0;32m  OK  [0m] Started Dispatch Password Requests to Console Directory Watch.
[[0;32m  OK  [0m] Reached target Local Encrypted Volumes.
[[0;32m  OK  [0m] Started Tell Plymouth To Write Out Runtime Data.
[[0;32m  OK  [0m] Started Commit a transient machine-id on disk.
[[0;32m  OK  [0m] Started Create Volatile Files and Directories.
         Mounting Arbitrary Executable File Formats File System...
         Starting Update UTMP about System Boot/Shutdown...
[[0;32m  OK  [0m] Mounted Arbitrary Executable File Formats File System.
[[0;32m  OK  [0m] Started ebtables ruleset management.
[[0;32m  OK  [0m] Started Update UTMP about System Boot/Shutdown.
[[0;32m  OK  [0m] Started AppArmor initialization.
         Starting Load AppArmor profiles managed internally by snapd...
         Starting Initial cloud-init job (pre-networking)...
[[0;32m  OK  [0m] Started Load AppArmor profiles managed internally by snapd.
[[0;32m  OK  [0m] Started Set console font and keymap.
[   12.642830] cloud-init[767]: Cloud-init v. 23.1.2-0ubuntu0~18.04.1 running 'init-local' at Wed, 19 Feb 2025 12:11:43 +0000. Up 12.27 seconds.
[[0;32m  OK  [0m] Started Initial cloud-init job (pre-networking).
[[0;32m  OK  [0m] Reached target Network (Pre).
         Starting Network Service...
[[0;32m  OK  [0m] Started Network Service.
         Starting Network Name Resolution...
         Starting Wait for Network to be Configured...
[[0;32m  OK  [0m] Started Network Name Resolution.
[[0;32m  OK  [0m] Reached target Network.
[[0;32m  OK  [0m] Reached target Host and Network Name Lookups.
[[0;32m  OK  [0m] Started Wait for Network to be Configured.
         Starting Initial cloud-init job (metadata service crawler)...
[   14.915197] cloud-init[908]: Cloud-init v. 23.1.2-0ubuntu0~18.04.1 running 'init' at Wed, 19 Feb 2025 12:11:46 +0000. Up 14.77 seconds.
[   14.936725] cloud-init[908]: ci-info: ++++++++++++++++++++++++++++++++++++++Net device info+++++++++++++++++++++++++++++++++++++++
[   14.947630] cloud-init[908]: ci-info: +--------+-------+----------------------------+---------------+--------+-------------------+
[   14.954681] cloud-init[908]: ci-info: | Device |   Up  |          Address           |      Mask     | Scope  |     Hw-Address    |
[   14.956719] cloud-init[908]: ci-info: +--------+-------+----------------------------+---------------+--------+-------------------+
[   14.972588] cloud-init[908]: ci-info: | enp0s3 |  True |         10.0.2.15          | 255.255.255.0 | global | 02:3b:7b:b7:3b:2d |
[   14.985459] cloud-init[908]: ci-info: | enp0s3 |  True | fd00::3b:7bff:feb7:3b2d/64 |       .       | global | 02:3b:7b:b7:3b:2d |
[   15.002284] cloud-init[908]: ci-info: | enp0s3 |  True | fe80::3b:7bff:feb7:3b2d/64 |       .       |  link  | 02:3b:7b:b7:3b:2d |
[   15.017290] cloud-init[908]: ci-info: | enp0s8 | False |             .              |       .       |   .    | 08:00:27:3d:a3:13 |
[   15.025838] cloud-init[908]: ci-info: |   lo   |  True |         127.0.0.1          |   255.0.0.0   |  host  |         .         |
[   15.035904] cloud-init[908]: ci-info: |   lo   |  True |          ::1/128           |       .       |  host  |         .         |
[   15.052246] cloud-init[908]: ci-info: +--------+-------+----------------------------+---------------+--------+-------------------+
[   15.064722] cloud-init[908]: ci-info: ++++++++++++++++++++++++++++Route IPv4 info+++++++++++++++++++++++++++++
[   15.073848] cloud-init[908]: ci-info: +-------+-------------+----------+-----------------+-----------+-------+
[   15.085574] cloud-init[908]: ci-info: | Route | Destination | Gateway  |     Genmask     | Interface | Flags |
[   15.096461] cloud-init[908]: ci-info: +-------+-------------+----------+-----------------+-----------+-------+
[   15.100173] cloud-init[908]: ci-info: |   0   |   0.0.0.0   | 10.0.2.2 |     0.0.0.0     |   enp0s3  |   UG  |
[   15.107411] cloud-init[908]: ci-info: |   1   |   10.0.2.0  | 0.0.0.0  |  255.255.255.0  |   enp0s3  |   U   |
[   15.110761] cloud-init[908]: ci-info: |   2   |   10.0.2.2  | 0.0.0.0  | 255.255.255.255 |   enp0s3  |   UH  |
[   15.116373] cloud-init[908]: ci-info: +-------+-------------+----------+-----------------+-----------+-------+
[   15.120370] cloud-init[908]: ci-info: +++++++++++++++++++Route IPv6 info+++++++++++++++++++
[   15.123991] cloud-init[908]: ci-info: +-------+-------------+---------+-----------+-------+
[   15.126655] cloud-init[908]: ci-info: | Route | Destination | Gateway | Interface | Flags |
[   15.134337] cloud-init[908]: ci-info: +-------+-------------+---------+-----------+-------+
[   15.153736] cloud-init[908]: ci-info: |   1   |  fd00::/64  |    ::   |   enp0s3  |   U   |
[   15.159797] cloud-init[908]: ci-info: |   2   |  fe80::/64  |    ::   |   enp0s3  |   U   |
[   15.170579] cloud-init[908]: ci-info: |   3   |     ::/0    | fe80::2 |   enp0s3  |   UG  |
[   15.176381] cloud-init[908]: ci-info: |   5   |    local    |    ::   |   enp0s3  |   U   |
[   15.178751] cloud-init[908]: ci-info: |   6   |   ff00::/8  |    ::   |   enp0s3  |   U   |
[   15.181064] cloud-init[908]: ci-info: +-------+-------------+---------+-----------+-------+
[   15.794349] cloud-init[908]: Generating public/private rsa key pair.
[   15.807021] cloud-init[908]: Your identification has been saved in /etc/ssh/ssh_host_rsa_key.
[   15.818193] cloud-init[908]: Your public key has been saved in /etc/ssh/ssh_host_rsa_key.pub.
[   15.840378] cloud-init[908]: The key fingerprint is:
[   15.846528] cloud-init[908]: SHA256:+7nv2qowPI3lSVYFdk1w36KV19F3pONNwKD0oxNTu6Q root@ubuntu-bionic
[   15.859604] cloud-init[908]: The key's randomart image is:
[   15.870249] cloud-init[908]: +---[RSA 2048]----+
[   15.882966] cloud-init[[0;32m  OK  [0m[908]: |          +.**+oo|
[   15.891499] ] Started Initial cloud-init job (metadata service crawler).
[[0;32m  OK  [0m] Reached target Network is Online.cloud-init[908]: |         o * oo=B|

[[0;32m  OK  [0m] Reached target Remote File Systems (Pre).[   15.913946] cloud-init[908]: |          = = * O|
[[0;32m  OK  [0m] Reached target Remote File Systems.

         Starting Availability of block devices...
[[0;32m  OK  [0m] Reached target Cloud-config availability.[   15.939029] cloud-init[908]: |         . * * * |
[[0;32m  OK  [0m] Reached target System Initialization.

[[0;32m  OK  [0m] Started Daily Cleanup of Temporary Directories.
[   15.955897] cloud-init[908]: |        S E o . .|
         Starting Socket activation for snappy daemon.
[[0;32m  OK  [0m] Started Message of the Day.
[   15.962498] cloud-init[908]: |     . B o .     |[[0;32m  OK  [0m] Started Ubuntu Advantage Timer for running repeated jobs.
[   15.973209] cloud-init[908]: |      * =        |
[[0;32m  OK  [0m] Listening on ACPID Listen Socket.
[   15.983556] 
[[0;32m  OK  [0m] cloud-init[908]: |       + . o     |
[   15.991771] Started Daily apt download activities.
cloud-init[908]: [[0;32m  OK  [0m] Started ACPI Events Check.
[[0;32m  OK  [0m|        ..**+    |
[   16.006375] cloud-init[908]: ] Reached target Paths.
[[0;32m  OK  [0m+----[SHA256]-----+
[   16.015123] cloud-init[908]: Generating public/private dsa key pair.
] Listening on cloud-init hotplug hook socket.
[[   16.024798] cloud-init[908]: Your identification has been saved in /etc/ssh/ssh_host_dsa_key.[0;32m  OK  [0m] Started Discard unused blocks once a week.
[[0;32m  OK  [0m] Listening on UUID daemon activation socket.
[   16.041486] cloud-init[908]: 
[[0;32m  OK  [0m] Listening on D-Bus System Message Bus Socket.Your public key has been saved in /etc/ssh/ssh_host_dsa_key.pub.
[   16.053459] cloud-init[908]: The key fingerprint is:
[   16.054993] cloud-init[908]: SHA256:IHxDI7vnx2LfwSMfJHNIeSag7+zBxHnWnmXP81Lf47k root@ubuntu-bionic

         Starting LXD - unix socket.
[[0;32m  OK  [0m] Started Daily apt upgrade and clean activities.[   16.060933] cloud-init[908]: The key's randomart image is:

[[0;32m  OK  [0m] Listening on Open-iSCSI iscsid Socket.[   16.081360] cloud-init[908]: +---[DSA 1024]----+
[[0;32m  OK  [0m] Reached target Timers.

[[0;32m  OK  [0m[   16.097688] cloud-init[908]: |    . +          |] Started Availability of block devices.
[[0;32m  OK  [0m] Listening on Socket activation for snappy daemon.
[   16.114367] cloud-init[908]: 
[[0;32m  OK  [0m] Listening on LXD - unix socket.|   . = o .       |

[[0;32m  OK  [0m] Reached target Sockets.[   16.129027] cloud-init[908]: |    = + + o      |
[[0;32m  OK  [0m] Reached target Basic System.
[   16.138126] cloud-init[908]: |     * = *       |
[   16.142603] cloud-init
         Starting LXD - container startup/shutdown...[908]: |    . * S + o    |
[   16.151072] cloud-init
[[0;32m  OK  [0m] Started Regular background program processing daemon.
         Starting Pollinate to seed the pseudo random number generator...
[908]:          Starting Virtualbox guest utils...|     B + B + o  .|

[   16.188437] cloud-init[908]: |      O + B   +.o|
[   16.200029] cloud-init[908]: |     o = + +  .++|
[   16.212619] cloud-init[908]: |      . . o   .E+|
[   16.230069] cloud-init[908]: +----[SHA256]-----+
[   16.245317] cloud-init[908]: Generating public/private ecdsa key pair.
[   16.267940] cloud-init[908]: Your identification has been saved in /etc/ssh/ssh_host_ecdsa_key.
[   16.294754] cloud-init         Starting Dispatcher daemon for systemd-networkd...
         Starting LSB: automatic crash report generation...
         Starting System Logging Service...[908]: 
Your public key has been saved in /etc/ssh/ssh_host_ecdsa_key.pub.         Starting Accounts Service...
         Starting Login Service...
[[0;32m  OK  [0m] Reached target Login Prompts (Pre).
[[0;32m  OK  [0m] Started D-Bus System Message Bus.

[   16.385153] cloud-init[908]: The key fingerprint is:
[   16.405169] cloud-init[908]: SHA256:BEP3j/ucASEog+4Oy4Qbobhh+kdH4DOPscXnOAiGLhI root@ubuntu-bionic
[   16.430777] cloud-init[908]: The key's randomart image is:
[   16.444816] cloud-init[908]: +---[ECDSA 256]---+
[   16.463109] cloud-init[908]: |     .+ .        |[[0;32m  OK  [0m] Started Login Service.
[
[0;32m  OK  [0m] [   16.489239] Started Unattended Upgrades Shutdown.
cloud-init[908]: [[0;32m  OK  [0m] Started irqbalance daemon.|   ..  = .       |

         Starting LSB: Record successful boot for GRUB...
[[0;32m  OK  [0m] Started Deferred execution scheduler.
[[0;32m  OK  [0m] Started FUSE filesystem for LXC.
         Starting Permit User Sessions...
[   16.595097] cloud-init[908]: | ...oo. o o      |
[   16.628187] cloud-init[908]: |E.o =o+... +     |
[   16.664472] cloud-init[908]: |oo.. @ +S o .    |
         Starting Snap Daemon...
[[0;32m  OK  [0m] Started System Logging Service.[   16.713959] 
[[0;32m  OK  [0m] Started LXD - container startup/shutdown.
[[0;32m  OK  [0m] Started Permit User Sessions.
         Starting Authorization Manager...
         Starting Hostname Service...
         Starting Hold until boot process finishes up...
         Starting Terminate Plymouth Boot Screen...
[[0;32m  OK  [0m] Started Hold until boot process finishes up.
[[0;32m  OK  [0m] cloud-init[908]: |*+  = = .  o     |
Started Terminate Plymouth Boot Screen.
[[0;32m  OK  [0m] Started Serial Getty on ttyS0.
         Starting Set console scheme...
[   16.873515] cloud-init[908]: |Xo.. . .  . .    |[[0;32m  OK  [0m] Started Set console scheme.

[[0;32m  OK  [0m] Created slice system-getty.slice.
[[   16.920763] [0;32m  OK  [0m] Started Getty on tty1.
[[0;32m  OK  [0m] Reached target Login Prompts.
cloud-init[908]: |=O  .      o o   |
[[0;32m  OK  [0m] Started Hostname Service.
[[0;32m  OK  [0m] Started LSB: automatic crash report generation.[   16.992534] cloud-init
[[0;32m  OK  [0m] Started LSB: Record successful boot for GRUB.
[908]: |=oo.        +    |
[   17.017803] cloud-init[908]: +----[SHA256]-----+
[   17.029928] cloud-init[908]: Generating public/private ed25519 key pair.
[   17.037553] cloud-init[908]: Your identification has been saved in /etc/ssh/ssh_host_ed25519_key.
[   17.060386] cloud-init[908]: [[0;32m  OK  [0m] Started Authorization Manager.Your public key has been saved in /etc/ssh/ssh_host_ed25519_key.pub.

[   17.088805] cloud-init[908]: The key fingerprint is:
[   17.105916] cloud-init[908]: SHA256:sG7PNXuvNrHR6Zp5OIhsEe2kQ7nNFXvEaFEFR7flD4I root@ubuntu-bionic
[   17.132304] cloud-init[908]: The key's randomart image is:
[   17.149579] cloud-init[908]: +--[ED25519 256]--+
[   17.193699] [[0;32m  OK  [0m] Started Accounts Service.
cloud-init[908]: |            .=o+*|
[   17.245641] cloud-init[908]: |           .+ oo+|
[   17.272772] cloud-init[908]: |      .  oE..+...|
[   17.290615] cloud-init[908]: |       o+ o o....|
[   17.312358] cloud-init[908]: |      ..SO . o ..|[[0;32m  OK  [0m] Started Dispatcher daemon for systemd-networkd.

[   17.337653] cloud-init[908]: |     .  = + o o  |
[   17.362364] cloud-init[908]: |      o. +o. *   |
[   17.379381] cloud-init[908]: |     . o+..oBoo  |
[   17.401079] cloud-init[908]: |       .o .o=B.  |
[   17.412254] cloud-init[908]: +----[SHA256]-----+[[0;32m  OK  [0m] Started Virtualbox guest utils.

[[0;32m  OK  [0m] Started Pollinate to seed the pseudo random number generator.
         Starting OpenBSD Secure Shell server...
[[0;32m  OK  [0m] Started OpenBSD Secure Shell server.
[[0;32m  OK  [0m] Started Snap Daemon.
         Starting Wait until snapd is fully seeded...
[[0;32m  OK  [0m] Created slice User Slice of vagrant.
         Starting User Manager for UID 1000...
[[0;32m  OK  [0m] Started Session 1 of user vagrant.
[[0;32m  OK  [0m] Started User Manager for UID 1000.
         Starting Time & Date Service...
[[0;32m  OK  [0m] Started Time & Date Service.
[[0;32m  OK  [0m] Started Wait until snapd is fully seeded.
         Starting Apply the settings specified in cloud-config...
[   22.221229] cloud-init[1379]: Cloud-init v. 23.1.2-0ubuntu0~18.04.1 running 'modules:config' at Wed, 19 Feb 2025 12:11:52 +0000. Up 20.94 seconds.

Ubuntu 18.04.6 LTS ubuntu-bionic ttyS0

ubuntu-bionic login: ci-info: no authorized SSH keys fingerprints found for user ubuntu.
<14>Feb 19 12:11:55 cloud-init: #############################################################
<14>Feb 19 12:11:55 cloud-init: -----BEGIN SSH HOST KEY FINGERPRINTS-----
<14>Feb 19 12:11:55 cloud-init: 1024 SHA256:IHxDI7vnx2LfwSMfJHNIeSag7+zBxHnWnmXP81Lf47k root@ubuntu-bionic (DSA)
<14>Feb 19 12:11:55 cloud-init: 256 SHA256:BEP3j/ucASEog+4Oy4Qbobhh+kdH4DOPscXnOAiGLhI root@ubuntu-bionic (ECDSA)
<14>Feb 19 12:11:55 cloud-init: 256 SHA256:sG7PNXuvNrHR6Zp5OIhsEe2kQ7nNFXvEaFEFR7flD4I root@ubuntu-bionic (ED25519)
<14>Feb 19 12:11:55 cloud-init: 2048 SHA256:+7nv2qowPI3lSVYFdk1w36KV19F3pONNwKD0oxNTu6Q root@ubuntu-bionic (RSA)
<14>Feb 19 12:11:55 cloud-init: -----END SSH HOST KEY FINGERPRINTS-----
<14>Feb 19 12:11:55 cloud-init: #############################################################
-----BEGIN SSH HOST KEY KEYS-----
ecdsa-sha2-nistp256 AAAAE2VjZHNhLXNoYTItbmlzdHAyNTYAAAAIbmlzdHAyNTYAAABBBMiQ+YFW5Esq/y8nKAF0PmVoq2t+jWkFufr6/jCY03IezFeDkY9D8jtjB2W/e/G6yVEIBDgU9dYSpmXUoOTIiLo= root@ubuntu-bionic
ssh-ed25519 AAAAC3NzaC1lZDI1NTE5AAAAIAKstJguP6ywdLGqXhb2LI48Z7PwxEFToTYdGCadcyjT root@ubuntu-bionic
ssh-rsa AAAAB3NzaC1yc2EAAAADAQABAAABAQC9/DsmeG4W1UUS8+86Gq3FYWAQTeDz6gjkKTQ4bkF0R1I+mF1vl9aydxlghmwt2EqmY5RoNNRVjDBIDdUxOFuJ9kqNvGG1eqTL0bcOgAVc6oupOn/xTW0iOyOFDGkANboqDQQ/GTAKio6rgpgMbmXVnQyiGyYqXf9cJB4wZy728jknxeSz83BR/T6AqgrWRWiI4FTZGmCaPzSTQJ6UT+ZDiNE3gSmnaHsinCzUjNCK4MDxnbcZyMG0a7nPN31S3pF/LkTSnqWn7kQh9JxbTnjkbfP+2glmpv4laWZfptrCEQDCQC4xw4w+CdQL19vH3sbRNa0L+ApfDwSeU2zdQt8d root@ubuntu-bionic
-----END SSH HOST KEY KEYS-----
[   23.768544] cloud-init[1503]: Cloud-init v. 23.1.2-0ubuntu0~18.04.1 running 'modules:final' at Wed, 19 Feb 2025 12:11:54 +0000. Up 23.42 seconds.
[   23.797326] cloud-init[1503]: Cloud-init v. 23.1.2-0ubuntu0~18.04.1 finished at Wed, 19 Feb 2025 12:11:55 +0000. Datasource DataSourceNoCloud [seed=/dev/sdb][dsmode=net].  Up 23.76 seconds
